// Jest Snapshot v1, https://goo.gl/fbAQLP

exports[`About Me should render properly and match the snapshot 1`] = `
<div>
  <div
    class="sc-gsnTZi jhBbNc"
  >
    <h2
      class="sc-papXJ ldZqnn"
    >
      About me
    </h2>
    <div
      class="sc-dkzDqf"
    >
      <div
        class="sc-eCYdqJ dilfOq"
      >
        <img
          alt=""
          class="sc-jSMfEi bfPLwU"
          src="avatar-default-icon.png"
        />
        <p
          class="sc-bczRLJ iGcDty"
        >
          Hello there! I am Francis Eugene Casibu, a full stack web developer based in the Philippines. An undergrad studying Information Technology. I have a passion for developing web applications, and fully committed to lifelong learning.
        </p>
      </div>
      <p
        class="sc-bczRLJ iGcDty"
      >
        I started my Web Development journey on January 8, 2022 and have been going strong ever since. When I am off coding, I enjoy reading light novels, working out, playing basketball, and helping other learners achieve their goals in The Odin Project discord.
      </p>
    </div>
    <div
      class="sc-hKMtZM cfGbOi"
    >
      <h2
        class="sc-papXJ ldZqnn"
      >
        Languages and Tools
      </h2>
      <ul
        class="sc-gKXOVf eYidII"
      >
        <li
          class="sc-iBkjds"
        >
          <img
            alt=""
            class="sc-ftvSup ePeZbz"
            src="html.svg"
          />
        </li>
        <li
          class="sc-iBkjds"
        >
          <img
            alt=""
            class="sc-ftvSup ePeZbz"
            src="css.svg"
          />
        </li>
        <li
          class="sc-iBkjds"
        >
          <img
            alt=""
            class="sc-ftvSup ePeZbz"
            src="javascript.svg"
          />
        </li>
        <li
          class="sc-iBkjds"
        >
          <img
            alt=""
            class="sc-ftvSup ePeZbz"
            src="typescript.svg"
          />
        </li>
        <li
          class="sc-iBkjds"
        >
          <img
            alt=""
            class="sc-ftvSup ePeZbz"
            src="react.svg"
          />
        </li>
        <li
          class="sc-iBkjds"
        >
          <img
            alt=""
            class="sc-ftvSup ePeZbz"
            src="node.svg"
          />
        </li>
        <li
          class="sc-iBkjds"
        >
          <img
            alt=""
            class="sc-ftvSup ePeZbz"
            src="mongodb.svg"
          />
        </li>
        <li
          class="sc-iBkjds"
        >
          <img
            alt=""
            class="sc-ftvSup ePeZbz"
            src="jest.svg"
          />
        </li>
        <li
          class="sc-iBkjds"
        >
          <img
            alt=""
            class="sc-ftvSup ePeZbz"
            src="firebase.svg"
          />
        </li>
        <li
          class="sc-iBkjds"
        >
          <img
            alt=""
            class="sc-ftvSup ePeZbz"
            src="git.svg"
          />
        </li>
        <li
          class="sc-iBkjds"
        >
          <img
            alt=""
            class="sc-ftvSup ePeZbz"
            src="webpack.svg"
          />
        </li>
      </ul>
    </div>
  </div>
</div>
`;
